Archive member included because of file (symbol)

c:/program files (x86)/atmel/avr studio 5.0/avr toolchain/bin/../lib/gcc/avr/4.5.1/avr4\libgcc.a(_udivmodhi4.o)
                              lcd.o (__udivmodhi4)
c:/program files (x86)/atmel/avr studio 5.0/avr toolchain/bin/../lib/gcc/avr/4.5.1/avr4\libgcc.a(_exit.o)
                              c:/program files (x86)/atmel/avr studio 5.0/avr toolchain/bin/../lib/gcc/avr/4.5.1/../../../../avr/lib/avr4/crtm8.o (exit)
c:/program files (x86)/atmel/avr studio 5.0/avr toolchain/bin/../lib/gcc/avr/4.5.1/avr4\libgcc.a(_copy_data.o)
                              miniLogicAnalyzer.o (__do_copy_data)
c:/program files (x86)/atmel/avr studio 5.0/avr toolchain/bin/../lib/gcc/avr/4.5.1/avr4\libgcc.a(_clear_bss.o)
                              lcd.o (__do_clear_bss)
c:/program files (x86)/atmel/avr studio 5.0/avr toolchain/bin/../lib/gcc/avr/4.5.1/../../../../avr/lib/avr4\libc.a(itoa.o)
                              miniLogicAnalyzer.o (itoa)
c:/program files (x86)/atmel/avr studio 5.0/avr toolchain/bin/../lib/gcc/avr/4.5.1/../../../../avr/lib/avr4\libc.a(ltoa.o)
                              miniLogicAnalyzer.o (ltoa)
c:/program files (x86)/atmel/avr studio 5.0/avr toolchain/bin/../lib/gcc/avr/4.5.1/../../../../avr/lib/avr4\libc.a(strrev.o)
                              c:/program files (x86)/atmel/avr studio 5.0/avr toolchain/bin/../lib/gcc/avr/4.5.1/../../../../avr/lib/avr4\libc.a(itoa.o) (strrev)
c:/program files (x86)/atmel/avr studio 5.0/avr toolchain/bin/../lib/gcc/avr/4.5.1/avr4\libgcc.a(_udivmodsi4.o)
                              c:/program files (x86)/atmel/avr studio 5.0/avr toolchain/bin/../lib/gcc/avr/4.5.1/../../../../avr/lib/avr4\libc.a(ltoa.o) (__udivmodsi4)

Allocating common symbols
Common symbol       size              file

samplesPos          0x4               miniLogicAnalyzer.o
bufferUsedSpace     0x2               miniLogicAnalyzer.o
zoom                0x2               miniLogicAnalyzer.o
i                   0x2               miniLogicAnalyzer.o
dataBuffer          0xff              miniLogicAnalyzer.o
counter             0x2               miniLogicAnalyzer.o
minSampleTime       0x2               miniLogicAnalyzer.o
lengthBuffer        0x1fe             miniLogicAnalyzer.o
int2str             0x8               miniLogicAnalyzer.o
lcdCacheIdx         0x2               lcd.o

Memory Configuration

Name             Origin             Length             Attributes
text             0x00000000         0x00002000         xr
data             0x00800060         0x0000ffa0         rw !x
eeprom           0x00810000         0x00010000         rw !x
fuse             0x00820000         0x00000400         rw !x
lock             0x00830000         0x00000400         rw !x
signature        0x00840000         0x00000400         rw !x
*default*        0x00000000         0xffffffff

Linker script and memory map

LOAD c:/program files (x86)/atmel/avr studio 5.0/avr toolchain/bin/../lib/gcc/avr/4.5.1/../../../../avr/lib/avr4/crtm8.o
LOAD lcd.o
LOAD miniLogicAnalyzer.o
LOAD c:/program files (x86)/atmel/avr studio 5.0/avr toolchain/bin/../lib/gcc/avr/4.5.1/avr4\libgcc.a
LOAD c:/program files (x86)/atmel/avr studio 5.0/avr toolchain/bin/../lib/gcc/avr/4.5.1/../../../../avr/lib/avr4\libc.a
LOAD c:/program files (x86)/atmel/avr studio 5.0/avr toolchain/bin/../lib/gcc/avr/4.5.1/avr4\libgcc.a

.hash
 *(.hash)

.dynsym
 *(.dynsym)

.dynstr
 *(.dynstr)

.gnu.version
 *(.gnu.version)

.gnu.version_d
 *(.gnu.version_d)

.gnu.version_r
 *(.gnu.version_r)

.rel.init
 *(.rel.init)

.rela.init
 *(.rela.init)

.rel.text
 *(.rel.text)
 *(.rel.text.*)
 *(.rel.gnu.linkonce.t*)

.rela.text
 *(.rela.text)
 *(.rela.text.*)
 *(.rela.gnu.linkonce.t*)

.rel.fini
 *(.rel.fini)

.rela.fini
 *(.rela.fini)

.rel.rodata
 *(.rel.rodata)
 *(.rel.rodata.*)
 *(.rel.gnu.linkonce.r*)

.rela.rodata
 *(.rela.rodata)
 *(.rela.rodata.*)
 *(.rela.gnu.linkonce.r*)

.rel.data
 *(.rel.data)
 *(.rel.data.*)
 *(.rel.gnu.linkonce.d*)

.rela.data
 *(.rela.data)
 *(.rela.data.*)
 *(.rela.gnu.linkonce.d*)

.rel.ctors
 *(.rel.ctors)

.rela.ctors
 *(.rela.ctors)

.rel.dtors
 *(.rel.dtors)

.rela.dtors
 *(.rela.dtors)

.rel.got
 *(.rel.got)

.rela.got
 *(.rela.got)

.rel.bss
 *(.rel.bss)

.rela.bss
 *(.rela.bss)

.rel.plt
 *(.rel.plt)

.rela.plt
 *(.rela.plt)

.text           0x00000000      0xf8e
 *(.vectors)
 .vectors       0x00000000       0x26 c:/program files (x86)/atmel/avr studio 5.0/avr toolchain/bin/../lib/gcc/avr/4.5.1/../../../../avr/lib/avr4/crtm8.o
                0x00000000                __vector_default
                0x00000000                __vectors
 *(.vectors)
 *(.progmem.gcc*)
 *(.progmem*)
 .progmem.data  0x00000026      0x1e5 lcd.o
                0x00000026                font5x7
 .progmem.data  0x0000020b      0x3f0 miniLogicAnalyzer.o
                0x0000020b                introScreen
                0x00000403                createdBy
                0x000005fc                . = ALIGN (0x2)
 *fill*         0x000005fb        0x1 00
                0x000005fc                __trampolines_start = .
 *(.trampolines)
 .trampolines   0x000005fc        0x0 linker stubs
 *(.trampolines*)
                0x000005fc                __trampolines_end = .
 *(.jumptables)
 *(.jumptables*)
 *(.lowtext)
 *(.lowtext*)
                0x000005fc                __ctors_start = .
 *(.ctors)
                0x000005fc                __ctors_end = .
                0x000005fc                __dtors_start = .
 *(.dtors)
                0x000005fc                __dtors_end = .
 SORT(*)(.ctors)
 SORT(*)(.dtors)
 *(.init0)
 .init0         0x000005fc        0x0 c:/program files (x86)/atmel/avr studio 5.0/avr toolchain/bin/../lib/gcc/avr/4.5.1/../../../../avr/lib/avr4/crtm8.o
                0x000005fc                __init
 *(.init0)
 *(.init1)
 *(.init1)
 *(.init2)
 .init2         0x000005fc        0xc c:/program files (x86)/atmel/avr studio 5.0/avr toolchain/bin/../lib/gcc/avr/4.5.1/../../../../avr/lib/avr4/crtm8.o
 *(.init2)
 *(.init3)
 *(.init3)
 *(.init4)
 .init4         0x00000608       0x16 c:/program files (x86)/atmel/avr studio 5.0/avr toolchain/bin/../lib/gcc/avr/4.5.1/avr4\libgcc.a(_copy_data.o)
                0x00000608                __do_copy_data
 .init4         0x0000061e       0x10 c:/program files (x86)/atmel/avr studio 5.0/avr toolchain/bin/../lib/gcc/avr/4.5.1/avr4\libgcc.a(_clear_bss.o)
                0x0000061e                __do_clear_bss
 *(.init4)
 *(.init5)
 *(.init5)
 *(.init6)
 *(.init6)
 *(.init7)
 *(.init7)
 *(.init8)
 *(.init8)
 *(.init9)
 .init9         0x0000062e        0x4 c:/program files (x86)/atmel/avr studio 5.0/avr toolchain/bin/../lib/gcc/avr/4.5.1/../../../../avr/lib/avr4/crtm8.o
 *(.init9)
 *(.text)
 .text          0x00000632        0x2 c:/program files (x86)/atmel/avr studio 5.0/avr toolchain/bin/../lib/gcc/avr/4.5.1/../../../../avr/lib/avr4/crtm8.o
                0x00000632                __vector_1
                0x00000632                __vector_12
                0x00000632                __bad_interrupt
                0x00000632                __vector_6
                0x00000632                __vector_3
                0x00000632                __vector_11
                0x00000632                __vector_13
                0x00000632                __vector_17
                0x00000632                __vector_7
                0x00000632                __vector_5
                0x00000632                __vector_4
                0x00000632                __vector_9
                0x00000632                __vector_2
                0x00000632                __vector_15
                0x00000632                __vector_8
                0x00000632                __vector_14
                0x00000632                __vector_10
                0x00000632                __vector_16
                0x00000632                __vector_18
 .text          0x00000634      0x2ae lcd.o
                0x00000634                lcd_goto_xy
                0x0000066c                lcd_goto_xy_exact
                0x00000696                lcd_send
                0x000006e6                lcd_base_addr
                0x00000702                lcd_chr
                0x0000075c                lcd_str
                0x00000782                lcd_clear_area
                0x000007d2                lcd_clear_line
                0x000007da                lcd_clear
                0x00000800                lcd_contrast
                0x0000081c                lcd_init
                0x0000085e                lcd_col
                0x00000888                lcd_pixelBack
                0x0000089c                printPictureOnLCD
 .text          0x000008e2      0x57a miniLogicAnalyzer.o
                0x000008e2                checkInputs
                0x0000092e                printCapturedData
                0x00000b4e                printRuler
                0x00000b98                sendChannelsDataOnLCD
                0x00000bea                checkDecreaseButton
                0x00000c74                checkIncreaseButton
                0x00000d26                checkIfNoButtonIsPressed
                0x00000da6                main
 .text          0x00000e5c        0x0 c:/program files (x86)/atmel/avr studio 5.0/avr toolchain/bin/../lib/gcc/avr/4.5.1/avr4\libgcc.a(_udivmodhi4.o)
 .text          0x00000e5c        0x0 c:/program files (x86)/atmel/avr studio 5.0/avr toolchain/bin/../lib/gcc/avr/4.5.1/avr4\libgcc.a(_exit.o)
 .text          0x00000e5c        0x0 c:/program files (x86)/atmel/avr studio 5.0/avr toolchain/bin/../lib/gcc/avr/4.5.1/avr4\libgcc.a(_copy_data.o)
 .text          0x00000e5c        0x0 c:/program files (x86)/atmel/avr studio 5.0/avr toolchain/bin/../lib/gcc/avr/4.5.1/avr4\libgcc.a(_clear_bss.o)
 .text          0x00000e5c        0x0 c:/program files (x86)/atmel/avr studio 5.0/avr toolchain/bin/../lib/gcc/avr/4.5.1/../../../../avr/lib/avr4\libc.a(itoa.o)
 .text          0x00000e5c        0x0 c:/program files (x86)/atmel/avr studio 5.0/avr toolchain/bin/../lib/gcc/avr/4.5.1/../../../../avr/lib/avr4\libc.a(ltoa.o)
 .text          0x00000e5c        0x0 c:/program files (x86)/atmel/avr studio 5.0/avr toolchain/bin/../lib/gcc/avr/4.5.1/../../../../avr/lib/avr4\libc.a(strrev.o)
 .text          0x00000e5c        0x0 c:/program files (x86)/atmel/avr studio 5.0/avr toolchain/bin/../lib/gcc/avr/4.5.1/avr4\libgcc.a(_udivmodsi4.o)
                0x00000e5c                . = ALIGN (0x2)
 *(.text.*)
 .text.libgcc   0x00000e5c       0x28 c:/program files (x86)/atmel/avr studio 5.0/avr toolchain/bin/../lib/gcc/avr/4.5.1/avr4\libgcc.a(_udivmodhi4.o)
                0x00000e5c                __udivmodhi4
 .text.libgcc   0x00000e84        0x0 c:/program files (x86)/atmel/avr studio 5.0/avr toolchain/bin/../lib/gcc/avr/4.5.1/avr4\libgcc.a(_exit.o)
 .text.libgcc   0x00000e84        0x0 c:/program files (x86)/atmel/avr studio 5.0/avr toolchain/bin/../lib/gcc/avr/4.5.1/avr4\libgcc.a(_copy_data.o)
 .text.libgcc   0x00000e84        0x0 c:/program files (x86)/atmel/avr studio 5.0/avr toolchain/bin/../lib/gcc/avr/4.5.1/avr4\libgcc.a(_clear_bss.o)
 .text.avr-libc
                0x00000e84       0x3e c:/program files (x86)/atmel/avr studio 5.0/avr toolchain/bin/../lib/gcc/avr/4.5.1/../../../../avr/lib/avr4\libc.a(itoa.o)
                0x00000e84                itoa
 .text.avr-libc
                0x00000ec2       0x64 c:/program files (x86)/atmel/avr studio 5.0/avr toolchain/bin/../lib/gcc/avr/4.5.1/../../../../avr/lib/avr4\libc.a(ltoa.o)
                0x00000ec2                ltoa
 .text.avr-libc
                0x00000f26       0x20 c:/program files (x86)/atmel/avr studio 5.0/avr toolchain/bin/../lib/gcc/avr/4.5.1/../../../../avr/lib/avr4\libc.a(strrev.o)
                0x00000f26                strrev
 .text.libgcc   0x00000f46       0x44 c:/program files (x86)/atmel/avr studio 5.0/avr toolchain/bin/../lib/gcc/avr/4.5.1/avr4\libgcc.a(_udivmodsi4.o)
                0x00000f46                __udivmodsi4
                0x00000f8a                . = ALIGN (0x2)
 *(.fini9)
 .fini9         0x00000f8a        0x0 c:/program files (x86)/atmel/avr studio 5.0/avr toolchain/bin/../lib/gcc/avr/4.5.1/avr4\libgcc.a(_exit.o)
                0x00000f8a                _exit
                0x00000f8a                exit
 *(.fini9)
 *(.fini8)
 *(.fini8)
 *(.fini7)
 *(.fini7)
 *(.fini6)
 *(.fini6)
 *(.fini5)
 *(.fini5)
 *(.fini4)
 *(.fini4)
 *(.fini3)
 *(.fini3)
 *(.fini2)
 *(.fini2)
 *(.fini1)
 *(.fini1)
 *(.fini0)
 .fini0         0x00000f8a        0x4 c:/program files (x86)/atmel/avr studio 5.0/avr toolchain/bin/../lib/gcc/avr/4.5.1/avr4\libgcc.a(_exit.o)
 *(.fini0)
                0x00000f8e                _etext = .

.data           0x00800060       0x16 load address 0x00000f8e
                0x00800060                PROVIDE (__data_start, .)
 *(.data)
 .data          0x00800060        0x0 c:/program files (x86)/atmel/avr studio 5.0/avr toolchain/bin/../lib/gcc/avr/4.5.1/../../../../avr/lib/avr4/crtm8.o
 .data          0x00800060        0x0 lcd.o
 .data          0x00800060       0x16 miniLogicAnalyzer.o
 .data          0x00800076        0x0 c:/program files (x86)/atmel/avr studio 5.0/avr toolchain/bin/../lib/gcc/avr/4.5.1/avr4\libgcc.a(_udivmodhi4.o)
 .data          0x00800076        0x0 c:/program files (x86)/atmel/avr studio 5.0/avr toolchain/bin/../lib/gcc/avr/4.5.1/avr4\libgcc.a(_exit.o)
 .data          0x00800076        0x0 c:/program files (x86)/atmel/avr studio 5.0/avr toolchain/bin/../lib/gcc/avr/4.5.1/avr4\libgcc.a(_copy_data.o)
 .data          0x00800076        0x0 c:/program files (x86)/atmel/avr studio 5.0/avr toolchain/bin/../lib/gcc/avr/4.5.1/avr4\libgcc.a(_clear_bss.o)
 .data          0x00800076        0x0 c:/program files (x86)/atmel/avr studio 5.0/avr toolchain/bin/../lib/gcc/avr/4.5.1/../../../../avr/lib/avr4\libc.a(itoa.o)
 .data          0x00800076        0x0 c:/program files (x86)/atmel/avr studio 5.0/avr toolchain/bin/../lib/gcc/avr/4.5.1/../../../../avr/lib/avr4\libc.a(ltoa.o)
 .data          0x00800076        0x0 c:/program files (x86)/atmel/avr studio 5.0/avr toolchain/bin/../lib/gcc/avr/4.5.1/../../../../avr/lib/avr4\libc.a(strrev.o)
 .data          0x00800076        0x0 c:/program files (x86)/atmel/avr studio 5.0/avr toolchain/bin/../lib/gcc/avr/4.5.1/avr4\libgcc.a(_udivmodsi4.o)
 *(.data*)
 *(.rodata)
 *(.rodata*)
 *(.gnu.linkonce.d*)
                0x00800076                . = ALIGN (0x2)
                0x00800076                _edata = .
                0x00800076                PROVIDE (__data_end, .)

.bss            0x00800076      0x315
                0x00800076                PROVIDE (__bss_start, .)
 *(.bss)
 .bss           0x00800076        0x0 c:/program files (x86)/atmel/avr studio 5.0/avr toolchain/bin/../lib/gcc/avr/4.5.1/../../../../avr/lib/avr4/crtm8.o
 .bss           0x00800076        0x0 lcd.o
 .bss           0x00800076        0x0 miniLogicAnalyzer.o
 .bss           0x00800076        0x0 c:/program files (x86)/atmel/avr studio 5.0/avr toolchain/bin/../lib/gcc/avr/4.5.1/avr4\libgcc.a(_udivmodhi4.o)
 .bss           0x00800076        0x0 c:/program files (x86)/atmel/avr studio 5.0/avr toolchain/bin/../lib/gcc/avr/4.5.1/avr4\libgcc.a(_exit.o)
 .bss           0x00800076        0x0 c:/program files (x86)/atmel/avr studio 5.0/avr toolchain/bin/../lib/gcc/avr/4.5.1/avr4\libgcc.a(_copy_data.o)
 .bss           0x00800076        0x0 c:/program files (x86)/atmel/avr studio 5.0/avr toolchain/bin/../lib/gcc/avr/4.5.1/avr4\libgcc.a(_clear_bss.o)
 .bss           0x00800076        0x0 c:/program files (x86)/atmel/avr studio 5.0/avr toolchain/bin/../lib/gcc/avr/4.5.1/../../../../avr/lib/avr4\libc.a(itoa.o)
 .bss           0x00800076        0x0 c:/program files (x86)/atmel/avr studio 5.0/avr toolchain/bin/../lib/gcc/avr/4.5.1/../../../../avr/lib/avr4\libc.a(ltoa.o)
 .bss           0x00800076        0x0 c:/program files (x86)/atmel/avr studio 5.0/avr toolchain/bin/../lib/gcc/avr/4.5.1/../../../../avr/lib/avr4\libc.a(strrev.o)
 .bss           0x00800076        0x0 c:/program files (x86)/atmel/avr studio 5.0/avr toolchain/bin/../lib/gcc/avr/4.5.1/avr4\libgcc.a(_udivmodsi4.o)
 *(.bss*)
 *(COMMON)
 COMMON         0x00800076        0x2 lcd.o
                0x00800076                lcdCacheIdx
 COMMON         0x00800078      0x313 miniLogicAnalyzer.o
                0x00800078                samplesPos
                0x0080007c                bufferUsedSpace
                0x0080007e                zoom
                0x00800080                i
                0x00800082                dataBuffer
                0x00800181                counter
                0x00800183                minSampleTime
                0x00800185                lengthBuffer
                0x00800383                int2str
                0x0080038b                PROVIDE (__bss_end, .)
                0x00000f8e                __data_load_start = LOADADDR (.data)
                0x00000fa4                __data_load_end = (__data_load_start + SIZEOF (.data))

.noinit         0x0080038b        0x0
                0x0080038b                PROVIDE (__noinit_start, .)
 *(.noinit*)
                0x0080038b                PROVIDE (__noinit_end, .)
                0x0080038b                _end = .
                0x0080038b                PROVIDE (__heap_start, .)

.eeprom         0x00810000        0x0
 *(.eeprom*)
                0x00810000                __eeprom_end = .

.fuse
 *(.fuse)
 *(.lfuse)
 *(.hfuse)
 *(.efuse)

.lock
 *(.lock*)

.signature
 *(.signature*)

.stab           0x00000000      0xbe8
 *(.stab)
 .stab          0x00000000      0x6cc c:/program files (x86)/atmel/avr studio 5.0/avr toolchain/bin/../lib/gcc/avr/4.5.1/../../../../avr/lib/avr4/crtm8.o
 .stab          0x000006cc      0x1b0 c:/program files (x86)/atmel/avr studio 5.0/avr toolchain/bin/../lib/gcc/avr/4.5.1/../../../../avr/lib/avr4\libc.a(itoa.o)
                                0x1bc (size before relaxing)
 .stab          0x0000087c      0x294 c:/program files (x86)/atmel/avr studio 5.0/avr toolchain/bin/../lib/gcc/avr/4.5.1/../../../../avr/lib/avr4\libc.a(ltoa.o)
                                0x2a0 (size before relaxing)
 .stab          0x00000b10       0xd8 c:/program files (x86)/atmel/avr studio 5.0/avr toolchain/bin/../lib/gcc/avr/4.5.1/../../../../avr/lib/avr4\libc.a(strrev.o)
                                 0xe4 (size before relaxing)

.stabstr        0x00000000      0x1b3
 *(.stabstr)
 .stabstr       0x00000000      0x1b3 c:/program files (x86)/atmel/avr studio 5.0/avr toolchain/bin/../lib/gcc/avr/4.5.1/../../../../avr/lib/avr4/crtm8.o

.stab.excl
 *(.stab.excl)

.stab.exclstr
 *(.stab.exclstr)

.stab.index
 *(.stab.index)

.stab.indexstr
 *(.stab.indexstr)

.comment
 *(.comment)

.debug
 *(.debug)

.line
 *(.line)

.debug_srcinfo
 *(.debug_srcinfo)

.debug_sfnames
 *(.debug_sfnames)

.debug_aranges  0x00000000       0x40
 *(.debug_aranges)
 .debug_aranges
                0x00000000       0x20 lcd.o
 .debug_aranges
                0x00000020       0x20 miniLogicAnalyzer.o

.debug_pubnames
                0x00000000      0x262
 *(.debug_pubnames)
 .debug_pubnames
                0x00000000      0x111 lcd.o
 .debug_pubnames
                0x00000111      0x151 miniLogicAnalyzer.o

.debug_info     0x00000000      0xa5c
 *(.debug_info)
 .debug_info    0x00000000      0x54d lcd.o
 .debug_info    0x0000054d      0x50f miniLogicAnalyzer.o
 *(.gnu.linkonce.wi.*)

.debug_abbrev   0x00000000      0x432
 *(.debug_abbrev)
 .debug_abbrev  0x00000000      0x21c lcd.o
 .debug_abbrev  0x0000021c      0x216 miniLogicAnalyzer.o

.debug_line     0x00000000      0xab9
 *(.debug_line)
 .debug_line    0x00000000      0x474 lcd.o
 .debug_line    0x00000474      0x645 miniLogicAnalyzer.o

.debug_frame    0x00000000      0x180
 *(.debug_frame)
 .debug_frame   0x00000000       0xf0 lcd.o
 .debug_frame   0x000000f0       0x90 miniLogicAnalyzer.o

.debug_str      0x00000000      0x38f
 *(.debug_str)
 .debug_str     0x00000000      0x215 lcd.o
                                0x261 (size before relaxing)
 .debug_str     0x00000215      0x17a miniLogicAnalyzer.o
                                0x2b9 (size before relaxing)

.debug_loc      0x00000000      0x630
 *(.debug_loc)
 .debug_loc     0x00000000      0x292 lcd.o
 .debug_loc     0x00000292      0x39e miniLogicAnalyzer.o

.debug_macinfo
 *(.debug_macinfo)
OUTPUT(miniLogicAnalyzer.elf elf32-avr)
LOAD linker stubs

.debug_pubtypes
                0x00000000       0x7f
 .debug_pubtypes
                0x00000000       0x47 lcd.o
 .debug_pubtypes
                0x00000047       0x38 miniLogicAnalyzer.o
